// Vitest Snapshot v1, https://vitest.dev/guide/snapshot.html

exports[`Snapshot Tests > ExportPanel matches snapshot 1`] = `
<div
  class="fixed inset-0 z-50 flex items-center justify-center bg-black/60 backdrop-blur-sm"
>
  <div
    aria-describedby="export-panel-desc"
    aria-labelledby="export-panel-title"
    aria-modal="true"
    class="bg-slate-900 border border-slate-700 rounded-xl shadow-2xl w-full max-w-lg mx-4 max-h-[90vh] overflow-hidden flex flex-col"
    role="dialog"
    tabindex="-1"
  >
    <div
      class="px-6 py-4 border-b border-slate-700 flex items-center justify-between"
    >
      <div>
        <h2
          class="text-lg font-semibold text-slate-100"
          id="export-panel-title"
        >
          Export Performance Data
        </h2>
        <p
          class="text-xs text-slate-500 mt-0.5"
          id="export-panel-desc"
        >
          Select data to include in the export
        </p>
      </div>
      <button
        aria-label="Close export panel"
        class="text-slate-400 hover:text-slate-200 transition-colors"
        type="button"
      >
        <svg
          aria-hidden="true"
          class="w-5 h-5"
          fill="none"
          stroke="currentColor"
          viewBox="0 0 24 24"
        >
          <path
            d="M6 18L18 6M6 6l12 12"
            stroke-linecap="round"
            stroke-linejoin="round"
            stroke-width="2"
          />
        </svg>
      </button>
    </div>
    <div
      class="flex-1 overflow-y-auto p-6 space-y-6"
    >
      <div>
        <label
          class="text-sm font-medium text-slate-300 block mb-3"
        >
          Export Format
        </label>
        <div
          class="grid grid-cols-2 gap-3"
        >
          <button
            class="p-4 rounded-lg border text-left transition-colors border-cyan-500 bg-cyan-500/10"
          >
            <div
              class="flex items-center gap-3"
            >
              <svg
                class="w-8 h-8 text-emerald-400"
                fill="none"
                stroke="currentColor"
                viewBox="0 0 24 24"
              >
                <path
                  d="M9 17v-2m3 2v-4m3 4v-6m2 10H7a2 2 0 01-2-2V5a2 2 0 012-2h5.586a1 1 0 01.707.293l5.414 5.414a1 1 0 01.293.707V19a2 2 0 01-2 2z"
                  stroke-linecap="round"
                  stroke-linejoin="round"
                  stroke-width="1.5"
                />
              </svg>
              <div>
                <p
                  class="font-medium text-slate-200"
                >
                  CSV Files
                </p>
                <p
                  class="text-xs text-slate-500"
                >
                  Spreadsheet compatible
                </p>
              </div>
            </div>
          </button>
          <button
            class="p-4 rounded-lg border text-left transition-colors border-slate-700 bg-slate-800/50 hover:border-slate-600"
          >
            <div
              class="flex items-center gap-3"
            >
              <svg
                class="w-8 h-8 text-rose-400"
                fill="none"
                stroke="currentColor"
                viewBox="0 0 24 24"
              >
                <path
                  d="M7 21h10a2 2 0 002-2V9.414a1 1 0 00-.293-.707l-5.414-5.414A1 1 0 0012.586 3H7a2 2 0 00-2 2v14a2 2 0 002 2z"
                  stroke-linecap="round"
                  stroke-linejoin="round"
                  stroke-width="1.5"
                />
              </svg>
              <div>
                <p
                  class="font-medium text-slate-200"
                >
                  PDF Report
                </p>
                <p
                  class="text-xs text-slate-500"
                >
                  Formatted document
                </p>
              </div>
            </div>
          </button>
        </div>
      </div>
      <div>
        <label
          class="text-sm font-medium text-slate-300 block mb-3"
        >
          Data Sections
        </label>
        <div
          class="space-y-2"
        >
          <label
            class="flex items-start gap-3 p-3 bg-slate-800/50 rounded-lg cursor-pointer hover:bg-slate-700/50 transition-colors"
          >
            <input
              checked=""
              class="mt-1 w-4 h-4 rounded border-slate-600 bg-slate-700 text-cyan-500 focus:ring-cyan-500/50 focus:ring-offset-slate-900"
              type="checkbox"
            />
            <div
              class="flex-1"
            >
              <p
                class="text-sm font-medium text-slate-200"
              >
                Performance Metrics
              </p>
              <p
                class="text-xs text-slate-500 mt-0.5"
              >
                Key performance indicators (Sharpe, Sortino, etc.)
              </p>
            </div>
          </label>
          <label
            class="flex items-start gap-3 p-3 bg-slate-800/50 rounded-lg cursor-pointer hover:bg-slate-700/50 transition-colors"
          >
            <input
              checked=""
              class="mt-1 w-4 h-4 rounded border-slate-600 bg-slate-700 text-cyan-500 focus:ring-cyan-500/50 focus:ring-offset-slate-900"
              type="checkbox"
            />
            <div
              class="flex-1"
            >
              <p
                class="text-sm font-medium text-slate-200"
              >
                Equity Curve
              </p>
              <p
                class="text-xs text-slate-500 mt-0.5"
              >
                Portfolio value over time
              </p>
            </div>
          </label>
          <label
            class="flex items-start gap-3 p-3 bg-slate-800/50 rounded-lg cursor-pointer hover:bg-slate-700/50 transition-colors"
          >
            <input
              checked=""
              class="mt-1 w-4 h-4 rounded border-slate-600 bg-slate-700 text-cyan-500 focus:ring-cyan-500/50 focus:ring-offset-slate-900"
              type="checkbox"
            />
            <div
              class="flex-1"
            >
              <p
                class="text-sm font-medium text-slate-200"
              >
                Drawdown Series
              </p>
              <p
                class="text-xs text-slate-500 mt-0.5"
              >
                Peak-to-trough declines over time
              </p>
            </div>
          </label>
          <label
            class="flex items-start gap-3 p-3 bg-slate-800/50 rounded-lg cursor-pointer hover:bg-slate-700/50 transition-colors"
          >
            <input
              class="mt-1 w-4 h-4 rounded border-slate-600 bg-slate-700 text-cyan-500 focus:ring-cyan-500/50 focus:ring-offset-slate-900"
              type="checkbox"
            />
            <div
              class="flex-1"
            >
              <p
                class="text-sm font-medium text-slate-200"
              >
                Trade History
              </p>
              <p
                class="text-xs text-slate-500 mt-0.5"
              >
                Individual trade records
              </p>
            </div>
          </label>
          <label
            class="flex items-start gap-3 p-3 bg-slate-800/50 rounded-lg cursor-pointer hover:bg-slate-700/50 transition-colors"
          >
            <input
              checked=""
              class="mt-1 w-4 h-4 rounded border-slate-600 bg-slate-700 text-cyan-500 focus:ring-cyan-500/50 focus:ring-offset-slate-900"
              type="checkbox"
            />
            <div
              class="flex-1"
            >
              <p
                class="text-sm font-medium text-slate-200"
              >
                Strategy Attribution
              </p>
              <p
                class="text-xs text-slate-500 mt-0.5"
              >
                Performance by trading strategy
              </p>
            </div>
          </label>
        </div>
      </div>
      <div
        class="bg-slate-800/50 rounded-lg p-4"
      >
        <h4
          class="text-xs font-medium text-slate-400 uppercase tracking-wide mb-2"
        >
          Export Summary
        </h4>
        <div
          class="grid grid-cols-2 gap-3 text-sm"
        >
          <div>
            <span
              class="text-slate-500"
            >
              Period:
            </span>
            <span
              class="text-slate-200 ml-2"
            >
              30d
            </span>
          </div>
          <div>
            <span
              class="text-slate-500"
            >
              Total Trades:
            </span>
            <span
              class="text-slate-200 ml-2"
            >
              0
            </span>
          </div>
          <div>
            <span
              class="text-slate-500"
            >
              Equity Points:
            </span>
            <span
              class="text-slate-200 ml-2"
            >
              3
            </span>
          </div>
          <div>
            <span
              class="text-slate-500"
            >
              Strategies:
            </span>
            <span
              class="text-slate-200 ml-2"
            >
              3
            </span>
          </div>
        </div>
      </div>
    </div>
    <div
      class="px-6 py-4 border-t border-slate-700 bg-slate-800/30"
    >
      <div
        class="flex items-center justify-between"
      >
        <button
          class="px-4 py-2 text-sm font-medium text-slate-300 hover:text-slate-100 transition-colors disabled:opacity-50"
          type="button"
        >
          Cancel
        </button>
        <button
          class="px-6 py-2 bg-blue-700 hover:bg-blue-600 text-white font-medium rounded-lg transition-all disabled:opacity-50 disabled:cursor-not-allowed flex items-center gap-2"
          type="button"
        >
          <svg
            class="w-4 h-4"
            fill="none"
            stroke="currentColor"
            viewBox="0 0 24 24"
          >
            <path
              d="M4 16v1a3 3 0 003 3h10a3 3 0 003-3v-1m-4-4l-4 4m0 0l-4-4m4 4V4"
              stroke-linecap="round"
              stroke-linejoin="round"
              stroke-width="2"
            />
          </svg>
          Export 
          CSV
        </button>
      </div>
    </div>
  </div>
</div>
`;

exports[`Snapshot Tests > RiskMetrics matches snapshot 1`] = `
<div
  class="bg-slate-800/30 rounded-lg border border-slate-700/50 overflow-hidden "
>
  <div
    class="px-5 py-4 border-b border-slate-700/50 bg-slate-800/50"
  >
    <div
      class="flex items-center justify-between"
    >
      <div>
        <h3
          class="text-base font-semibold text-slate-100"
        >
          Risk Metrics
        </h3>
        <p
          class="text-xs text-slate-500 mt-0.5"
        >
          Portfolio risk indicators and measurements
        </p>
      </div>
      <div
        class="px-4 py-2 rounded-lg"
        style="background-color: rgba(245, 158, 11, 0.15); border-width: 1px; border-style: solid; border-color: rgba(245, 158, 11, 0.3);"
      >
        <p
          class="text-[10px] text-slate-400 uppercase tracking-wide"
        >
          Overall Risk
        </p>
        <div
          class="flex items-center gap-2"
        >
          <span
            class="text-xl font-bold"
            style="color: rgb(251, 191, 36);"
          >
            35
          </span>
          <span
            class="text-xs text-slate-400"
          >
            /100
          </span>
        </div>
        <p
          class="text-xs font-medium"
          style="color: rgb(251, 191, 36);"
        >
          Moderate Risk
        </p>
      </div>
    </div>
  </div>
  <div
    class="p-5"
  >
    <div
      class="grid grid-cols-2 md:grid-cols-3 lg:grid-cols-4 gap-4"
    >
      <div
        class="bg-slate-800/50 rounded-lg border border-slate-700/50 p-4 hover:border-slate-600/50 transition-all"
      >
        <div
          class="flex items-start justify-between mb-3"
        >
          <div>
            <h4
              class="text-xs font-medium text-slate-400 uppercase tracking-wide"
            >
              VaR (95%)
            </h4>
            <p
              class="text-[10px] text-slate-500 mt-0.5"
            >
              Max daily loss at 95% confidence
            </p>
          </div>
          <span
            class="text-[10px] font-semibold px-2 py-0.5 rounded bg-amber-500/20 text-amber-400"
            style="background-color: rgba(245, 158, 11, 0.2); color: rgb(251, 191, 36);"
          >
            Moderate Risk
          </span>
        </div>
        <div
          class="flex items-center justify-between"
        >
          <div
            class="flex-shrink-0"
          >
            <svg
              class="transform -rotate-0"
              height="50"
              width="80"
            >
              <path
                d="M 10 40 A 30 30 0 0 1 70 40"
                fill="none"
                stroke="#334155"
                stroke-linecap="round"
                stroke-width="8"
              />
              <path
                d="M 10 40 A 30 30 0 0 1 70 40"
                fill="none"
                stroke="#f59e0b"
                stroke-dasharray="94.24777960769379"
                stroke-dashoffset="77.7130814309054"
                stroke-linecap="round"
                stroke-width="8"
                style="filter: drop-shadow(0 0 6px rgba(245, 158, 11, 0.4)); transition: stroke-dashoffset 0.5s ease-out;"
              />
              <circle
                cx="40"
                cy="40"
                fill="#f59e0b"
                r="4"
              />
            </svg>
          </div>
          <div
            class="text-right "
          >
            <p
              class="text-2xl font-bold text-slate-100"
            >
              $2.50
            </p>
          </div>
        </div>
      </div>
      <div
        class="bg-slate-800/50 rounded-lg border border-slate-700/50 p-4 hover:border-slate-600/50 transition-all"
      >
        <div
          class="flex items-start justify-between mb-3"
        >
          <div>
            <h4
              class="text-xs font-medium text-slate-400 uppercase tracking-wide"
            >
              CVaR (95%)
            </h4>
            <p
              class="text-[10px] text-slate-500 mt-0.5"
            >
              Expected shortfall beyond VaR
            </p>
          </div>
          <span
            class="text-[10px] font-semibold px-2 py-0.5 rounded bg-amber-500/20 text-amber-400"
            style="background-color: rgba(245, 158, 11, 0.2); color: rgb(251, 191, 36);"
          >
            Moderate Risk
          </span>
        </div>
        <div
          class="flex items-center justify-between"
        >
          <div
            class="flex-shrink-0"
          >
            <svg
              class="transform -rotate-0"
              height="50"
              width="80"
            >
              <path
                d="M 10 40 A 30 30 0 0 1 70 40"
                fill="none"
                stroke="#334155"
                stroke-linecap="round"
                stroke-width="8"
              />
              <path
                d="M 10 40 A 30 30 0 0 1 70 40"
                fill="none"
                stroke="#f59e0b"
                stroke-dasharray="94.24777960769379"
                stroke-dashoffset="76.88634652206598"
                stroke-linecap="round"
                stroke-width="8"
                style="filter: drop-shadow(0 0 6px rgba(245, 158, 11, 0.4)); transition: stroke-dashoffset 0.5s ease-out;"
              />
              <circle
                cx="40"
                cy="40"
                fill="#f59e0b"
                r="4"
              />
            </svg>
          </div>
          <div
            class="text-right "
          >
            <p
              class="text-2xl font-bold text-slate-100"
            >
              $3.50
            </p>
          </div>
        </div>
      </div>
      <div
        class="bg-slate-800/50 rounded-lg border border-slate-700/50 p-4 hover:border-slate-600/50 transition-all"
      >
        <div
          class="flex items-start justify-between mb-3"
        >
          <div>
            <h4
              class="text-xs font-medium text-slate-400 uppercase tracking-wide"
            >
              Max Drawdown
            </h4>
            <p
              class="text-[10px] text-slate-500 mt-0.5"
            >
              Largest peak-to-trough decline
            </p>
          </div>
          <span
            class="text-[10px] font-semibold px-2 py-0.5 rounded bg-amber-500/20 text-amber-400"
            style="background-color: rgba(245, 158, 11, 0.2); color: rgb(251, 191, 36);"
          >
            Moderate
          </span>
        </div>
        <div
          class="flex items-center justify-between"
        >
          <div
            class="flex-shrink-0"
          >
            <svg
              class="transform -rotate-0"
              height="50"
              width="80"
            >
              <path
                d="M 10 40 A 30 30 0 0 1 70 40"
                fill="none"
                stroke="#334155"
                stroke-linecap="round"
                stroke-width="8"
              />
              <path
                d="M 10 40 A 30 30 0 0 1 70 40"
                fill="none"
                stroke="#f59e0b"
                stroke-dasharray="94.24777960769379"
                stroke-dashoffset="67.54424205218055"
                stroke-linecap="round"
                stroke-width="8"
                style="filter: drop-shadow(0 0 6px rgba(245, 158, 11, 0.4)); transition: stroke-dashoffset 0.5s ease-out;"
              />
              <circle
                cx="40"
                cy="40"
                fill="#f59e0b"
                r="4"
              />
            </svg>
          </div>
          <div
            class="text-right "
          >
            <p
              class="text-2xl font-bold text-slate-100"
            >
              8.50%
            </p>
          </div>
        </div>
      </div>
      <div
        class="bg-slate-800/50 rounded-lg border border-slate-700/50 p-4 hover:border-slate-600/50 transition-all"
      >
        <div
          class="flex items-start justify-between mb-3"
        >
          <div>
            <h4
              class="text-xs font-medium text-slate-400 uppercase tracking-wide"
            >
              Current Drawdown
            </h4>
            <p
              class="text-[10px] text-slate-500 mt-0.5"
            >
              Current decline from peak
            </p>
          </div>
          <span
            class="text-[10px] font-semibold px-2 py-0.5 rounded bg-emerald-500/20 text-emerald-400"
            style="background-color: rgba(16, 185, 129, 0.2); color: rgb(52, 211, 153);"
          >
            Healthy
          </span>
        </div>
        <div
          class="flex items-center justify-between"
        >
          <div
            class="flex-shrink-0"
          >
            <svg
              class="transform -rotate-0"
              height="50"
              width="80"
            >
              <path
                d="M 10 40 A 30 30 0 0 1 70 40"
                fill="none"
                stroke="#334155"
                stroke-linecap="round"
                stroke-width="8"
              />
              <path
                d="M 10 40 A 30 30 0 0 1 70 40"
                fill="none"
                stroke="#10b981"
                stroke-dasharray="94.24777960769379"
                stroke-dashoffset="87.02211650443726"
                stroke-linecap="round"
                stroke-width="8"
                style="filter: drop-shadow(0 0 6px rgba(16, 185, 129, 0.4)); transition: stroke-dashoffset 0.5s ease-out;"
              />
              <circle
                cx="40"
                cy="40"
                fill="#10b981"
                r="4"
              />
            </svg>
          </div>
          <div
            class="text-right "
          >
            <p
              class="text-2xl font-bold text-slate-100"
            >
              2.30%
            </p>
          </div>
        </div>
      </div>
      <div
        class="bg-slate-800/50 rounded-lg border border-slate-700/50 p-4 hover:border-slate-600/50 transition-all"
      >
        <div
          class="flex items-start justify-between mb-3"
        >
          <div>
            <h4
              class="text-xs font-medium text-slate-400 uppercase tracking-wide"
            >
              Volatility
            </h4>
            <p
              class="text-[10px] text-slate-500 mt-0.5"
            >
              Annualized standard deviation
            </p>
          </div>
          <span
            class="text-[10px] font-semibold px-2 py-0.5 rounded bg-amber-500/20 text-amber-400"
            style="background-color: rgba(245, 158, 11, 0.2); color: rgb(251, 191, 36);"
          >
            Moderate Vol
          </span>
        </div>
        <div
          class="flex items-center justify-between"
        >
          <div
            class="flex-shrink-0"
          >
            <svg
              class="transform -rotate-0"
              height="50"
              width="80"
            >
              <path
                d="M 10 40 A 30 30 0 0 1 70 40"
                fill="none"
                stroke="#334155"
                stroke-linecap="round"
                stroke-width="8"
              />
              <path
                d="M 10 40 A 30 30 0 0 1 70 40"
                fill="none"
                stroke="#f59e0b"
                stroke-dasharray="94.24777960769379"
                stroke-dashoffset="65.1880475619882"
                stroke-linecap="round"
                stroke-width="8"
                style="filter: drop-shadow(0 0 6px rgba(245, 158, 11, 0.4)); transition: stroke-dashoffset 0.5s ease-out;"
              />
              <circle
                cx="40"
                cy="40"
                fill="#f59e0b"
                r="4"
              />
            </svg>
          </div>
          <div
            class="text-right "
          >
            <p
              class="text-2xl font-bold text-slate-100"
            >
              18.50%
            </p>
          </div>
        </div>
      </div>
      <div
        class="bg-slate-800/50 rounded-lg border border-slate-700/50 p-4 hover:border-slate-600/50 transition-all"
      >
        <div
          class="flex items-start justify-between mb-3"
        >
          <div>
            <h4
              class="text-xs font-medium text-slate-400 uppercase tracking-wide"
            >
              Sharpe Ratio
            </h4>
            <p
              class="text-[10px] text-slate-500 mt-0.5"
            >
              Risk-adjusted return
            </p>
          </div>
          <span
            class="text-[10px] font-semibold px-2 py-0.5 rounded bg-rose-500/20 text-rose-400"
            style="background-color: rgba(244, 63, 94, 0.2); color: rgb(251, 113, 133);"
          >
            Poor
          </span>
        </div>
        <div
          class="flex items-center justify-between"
        >
          <div
            class="flex-shrink-0"
          >
            <svg
              class="transform -rotate-0"
              height="50"
              width="80"
            >
              <path
                d="M 10 40 A 30 30 0 0 1 70 40"
                fill="none"
                stroke="#334155"
                stroke-linecap="round"
                stroke-width="8"
              />
              <path
                d="M 10 40 A 30 30 0 0 1 70 40"
                fill="none"
                stroke="#f43f5e"
                stroke-dasharray="94.24777960769379"
                stroke-dashoffset="55.3705705195201"
                stroke-linecap="round"
                stroke-width="8"
                style="filter: drop-shadow(0 0 6px rgba(244, 63, 94, 0.4)); transition: stroke-dashoffset 0.5s ease-out;"
              />
              <circle
                cx="40"
                cy="40"
                fill="#f43f5e"
                r="4"
              />
            </svg>
          </div>
          <div
            class="text-right "
          >
            <p
              class="text-2xl font-bold text-slate-100"
            >
              1.65
            </p>
          </div>
        </div>
      </div>
      <div
        class="bg-slate-800/50 rounded-lg border border-slate-700/50 p-4 hover:border-slate-600/50 transition-all"
      >
        <div
          class="flex items-start justify-between mb-3"
        >
          <div>
            <h4
              class="text-xs font-medium text-slate-400 uppercase tracking-wide"
            >
              Sortino Ratio
            </h4>
            <p
              class="text-[10px] text-slate-500 mt-0.5"
            >
              Downside risk-adjusted return
            </p>
          </div>
          <span
            class="text-[10px] font-semibold px-2 py-0.5 rounded bg-emerald-500/20 text-emerald-400"
            style="background-color: rgba(16, 185, 129, 0.2); color: rgb(52, 211, 153);"
          >
            Excellent
          </span>
        </div>
        <div
          class="flex items-center justify-between"
        >
          <div
            class="flex-shrink-0"
          >
            <svg
              class="transform -rotate-0"
              height="50"
              width="80"
            >
              <path
                d="M 10 40 A 30 30 0 0 1 70 40"
                fill="none"
                stroke="#334155"
                stroke-linecap="round"
                stroke-width="8"
              />
              <path
                d="M 10 40 A 30 30 0 0 1 70 40"
                fill="none"
                stroke="#10b981"
                stroke-dasharray="94.24777960769379"
                stroke-dashoffset="44.76769531365455"
                stroke-linecap="round"
                stroke-width="8"
                style="filter: drop-shadow(0 0 6px rgba(16, 185, 129, 0.4)); transition: stroke-dashoffset 0.5s ease-out;"
              />
              <circle
                cx="40"
                cy="40"
                fill="#10b981"
                r="4"
              />
            </svg>
          </div>
          <div
            class="text-right "
          >
            <p
              class="text-2xl font-bold text-slate-100"
            >
              2.10
            </p>
          </div>
        </div>
      </div>
      <div
        class="bg-slate-800/50 rounded-lg border border-slate-700/50 p-4 hover:border-slate-600/50 transition-all"
      >
        <div
          class="flex items-start justify-between mb-3"
        >
          <div>
            <h4
              class="text-xs font-medium text-slate-400 uppercase tracking-wide"
            >
              Beta
            </h4>
            <p
              class="text-[10px] text-slate-500 mt-0.5"
            >
              Market sensitivity (vs BTC)
            </p>
          </div>
          <span
            class="text-[10px] font-semibold px-2 py-0.5 rounded bg-cyan-500/20 text-cyan-400"
            style="background-color: rgba(6, 182, 212, 0.2); color: rgb(34, 211, 238);"
          >
            Neutral
          </span>
        </div>
        <div
          class="flex items-center justify-between"
        >
          <div
            class="flex-shrink-0"
          >
            <svg
              class="transform -rotate-0"
              height="50"
              width="80"
            >
              <path
                d="M 10 40 A 30 30 0 0 1 70 40"
                fill="none"
                stroke="#334155"
                stroke-linecap="round"
                stroke-width="8"
              />
              <path
                d="M 10 40 A 30 30 0 0 1 70 40"
                fill="none"
                stroke="#06b6d4"
                stroke-dasharray="94.24777960769379"
                stroke-dashoffset="49.48008429403924"
                stroke-linecap="round"
                stroke-width="8"
                style="filter: drop-shadow(0 0 6px rgba(6, 182, 212, 0.4)); transition: stroke-dashoffset 0.5s ease-out;"
              />
              <circle
                cx="40"
                cy="40"
                fill="#06b6d4"
                r="4"
              />
            </svg>
          </div>
          <div
            class="text-right "
          >
            <p
              class="text-2xl font-bold text-slate-100"
            >
              0.95
            </p>
          </div>
        </div>
      </div>
    </div>
    <div
      class="mt-6 pt-4 border-t border-slate-700/50"
    >
      <h4
        class="text-xs font-medium text-slate-400 uppercase tracking-wide mb-3"
      >
        Risk Level Guide
      </h4>
      <div
        class="flex flex-wrap gap-4 text-xs"
      >
        <div
          class="flex items-center gap-2"
        >
          <span
            class="w-3 h-3 rounded-full bg-emerald-500"
          />
          <span
            class="text-slate-400"
          >
            Low Risk
          </span>
        </div>
        <div
          class="flex items-center gap-2"
        >
          <span
            class="w-3 h-3 rounded-full bg-amber-500"
          />
          <span
            class="text-slate-400"
          >
            Moderate Risk
          </span>
        </div>
        <div
          class="flex items-center gap-2"
        >
          <span
            class="w-3 h-3 rounded-full bg-orange-500"
          />
          <span
            class="text-slate-400"
          >
            Elevated Risk
          </span>
        </div>
        <div
          class="flex items-center gap-2"
        >
          <span
            class="w-3 h-3 rounded-full bg-rose-500"
          />
          <span
            class="text-slate-400"
          >
            High/Critical Risk
          </span>
        </div>
      </div>
    </div>
  </div>
  <div
    class="px-5 py-2 bg-slate-800/30 border-t border-slate-700/50"
  >
    <p
      class="text-[10px] text-slate-500"
    >
      Risk metrics are calculated based on historical trade data. Past performance does not guarantee future results.
    </p>
  </div>
</div>
`;

exports[`Snapshot Tests > StrategyAttribution matches snapshot 1`] = `
<div
  class="bg-slate-800/30 rounded-lg border border-slate-700/50 overflow-hidden "
>
  <div
    class="px-5 py-4 border-b border-slate-700/50 bg-slate-800/50"
  >
    <div
      class="flex items-center justify-between"
    >
      <div>
        <h3
          class="text-base font-semibold text-slate-100"
        >
          Strategy Attribution
        </h3>
        <p
          class="text-xs text-slate-500 mt-0.5"
        >
          P&L breakdown by trading strategy
        </p>
      </div>
      <div
        class="flex gap-1 bg-slate-900/50 rounded-lg p-1"
      >
        <button
          class="px-3 py-1.5 text-sm font-medium rounded-md transition-colors bg-slate-700 text-slate-100"
        >
          Chart
        </button>
        <button
          class="px-3 py-1.5 text-sm font-medium rounded-md transition-colors text-slate-400 hover:text-slate-200"
        >
          Table
        </button>
      </div>
    </div>
    <div
      class="grid grid-cols-4 gap-3 mt-4"
    >
      <div
        class="bg-slate-900/50 rounded-lg px-3 py-2"
      >
        <p
          class="text-[10px] text-slate-500 uppercase tracking-wide"
        >
          Total P&L
        </p>
        <p
          class="text-lg font-bold text-emerald-400"
        >
          +$21.00
        </p>
      </div>
      <div
        class="bg-slate-900/50 rounded-lg px-3 py-2"
      >
        <p
          class="text-[10px] text-slate-500 uppercase tracking-wide"
        >
          Best Strategy
        </p>
        <p
          class="text-sm font-semibold text-emerald-400"
        >
          RSI_Momentum
        </p>
      </div>
      <div
        class="bg-slate-900/50 rounded-lg px-3 py-2"
      >
        <p
          class="text-[10px] text-slate-500 uppercase tracking-wide"
        >
          Worst Strategy
        </p>
        <p
          class="text-sm font-semibold text-rose-400"
        >
          MACD_Crossover
        </p>
      </div>
      <div
        class="bg-slate-900/50 rounded-lg px-3 py-2"
      >
        <p
          class="text-[10px] text-slate-500 uppercase tracking-wide"
        >
          Avg Win Rate
        </p>
        <p
          class="text-sm font-semibold text-slate-100"
        >
          53.3%
        </p>
      </div>
    </div>
  </div>
  <div
    class="p-4"
  >
    <div
      class="grid grid-cols-1 lg:grid-cols-2 gap-4"
    >
      <div>
        <h4
          class="text-xs font-medium text-slate-400 uppercase tracking-wide mb-3"
        >
          P&L by Strategy
        </h4>
        <div
          class="recharts-responsive-container"
          style="width: 100%; height: 300px; min-width: 0;"
        />
      </div>
      <div>
        <h4
          class="text-xs font-medium text-slate-400 uppercase tracking-wide mb-3"
        >
          P&L Contribution
        </h4>
        <div
          class="recharts-responsive-container"
          style="width: 100%; height: 300px; min-width: 0;"
        />
      </div>
    </div>
  </div>
  <div
    class="px-5 py-2 bg-slate-800/30 border-t border-slate-700/50"
  >
    <div
      class="flex items-center justify-between text-[10px] text-slate-500"
    >
      <span>
        Strategies: 
        3
      </span>
      <span>
        Total Trades: 
        105
      </span>
    </div>
  </div>
</div>
`;
